=====================================================================
== C:\bluefang\servers\server11884\arma3server.exe
== C:\bluefang\servers\server11884\arma3server.exe -ip=104.243.44.138 -port=21234 -config=server.cfg -profiles=Profile

Original output filename: Arma3Retail_Server
Exe timestamp: 2015/12/15 16:30:43
Current time:  2016/01/24 13:45:00

Type: Public
Build: Stable
Version: 1.54.133741

Allocator: C:\bluefang\servers\server11884\dll\tbb4malloc_bi.dll
=====================================================================

13:45:00 SteamAPI initialization failed. Steam features wont's be accessible!
13:45:09 Updating base class ->Base, by a3\dubbing_radio_f\config.bin/CfgHQIdentities/PAPA_BEAR/
13:45:09 Updating base class ->Base, by a3\dubbing_radio_f\config.bin/CfgHQIdentities/AirBase/
13:45:09 Updating base class RscShortcutButton->RscButton, by a3\editor_f\config.bin/RscDisplayEditObject/Controls/B_OK/
13:45:09 Updating base class RscSliderH->RscXSliderH, by a3\editor_f\config.bin/RscDisplayEditObject/Slider/
13:45:09 Updating base class RscText->RscPicture, by a3\editor_f\config.bin/RscDisplayEditObject/Preview/
13:45:09 Updating base class RscShortcutButton->RscButton, by a3\editor_f\config.bin/RscDisplayMissionLoad/Controls/B_OK/
13:45:09 Updating base class RscShortcutButton->RscButton, by a3\editor_f\config.bin/RscDisplayMissionSave/Controls/B_OK/
13:45:09 Updating base class ->RscControlsGroup, by a3\ui_f\config.bin/RscControlsGroupNoScrollbars/
13:45:09 Updating base class ->RscControlsGroup, by a3\ui_f\config.bin/RscControlsGroupNoHScrollbars/
13:45:09 Updating base class ->RscControlsGroup, by a3\ui_f\config.bin/RscControlsGroupNoVScrollbars/
13:45:09 Updating base class ->RscText, by a3\ui_f\config.bin/RscLine/
13:45:09 Updating base class ->RscActiveText, by a3\ui_f\config.bin/RscActivePicture/
13:45:09 Updating base class ->RscButton, by a3\ui_f\config.bin/RscButtonTextOnly/
13:45:09 Updating base class ->RscShortcutButton, by a3\ui_f\config.bin/RscShortcutButtonMain/
13:45:09 Updating base class ->RscShortcutButton, by a3\ui_f\config.bin/RscButtonEditor/
13:45:09 Updating base class ->RscShortcutButton, by a3\ui_f\config.bin/RscIGUIShortcutButton/
13:45:09 Updating base class ->RscShortcutButton, by a3\ui_f\config.bin/RscGearShortcutButton/
13:45:09 Updating base class ->RscShortcutButton, by a3\ui_f\config.bin/RscButtonMenu/
13:45:09 Updating base class ->RscButtonMenu, by a3\ui_f\config.bin/RscButtonMenuOK/
13:45:09 Updating base class ->RscButtonMenu, by a3\ui_f\config.bin/RscButtonMenuCancel/
13:45:09 Updating base class ->RscButtonMenu, by a3\ui_f\config.bin/RscButtonMenuSteam/
13:45:09 Updating base class ->RscText, by a3\ui_f\config.bin/RscLoadingText/
13:45:09 Updating base class ->RscListBox, by a3\ui_f\config.bin/RscIGUIListBox/
13:45:09 Updating base class ->RscListNBox, by a3\ui_f\config.bin/RscIGUIListNBox/
13:45:09 Updating base class ->RscText, by a3\ui_f\config.bin/RscBackground/
13:45:09 Updating base class ->RscText, by a3\ui_f\config.bin/RscBackgroundGUI/
13:45:09 Updating base class ->RscPicture, by a3\ui_f\config.bin/RscBackgroundGUILeft/
13:45:09 Updating base class ->RscPicture, by a3\ui_f\config.bin/RscBackgroundGUIRight/
13:45:09 Updating base class ->RscPicture, by a3\ui_f\config.bin/RscBackgroundGUIBottom/
13:45:09 Updating base class ->RscText, by a3\ui_f\config.bin/RscBackgroundGUITop/
13:45:09 Updating base class ->RscText, by a3\ui_f\config.bin/RscBackgroundGUIDark/
13:45:09 Updating base class ->RscPictureKeepAspect, by a3\ui_f\config.bin/RscBackgroundLogo/
13:45:09 Updating base class ->RscMapControl, by a3\ui_f\config.bin/RscMapControlEmpty/
13:45:09 Updating base class ->RscPicture, by a3\ui_f\config.bin/CA_Mainback/
13:45:09 Updating base class ->CA_Mainback, by a3\ui_f\config.bin/CA_Back/
13:45:09 Updating base class ->CA_Mainback, by a3\ui_f\config.bin/CA_Title_Back/
13:45:09 Updating base class ->CA_Mainback, by a3\ui_f\config.bin/CA_Black_Back/
13:45:09 Updating base class ->RscTitle, by a3\ui_f\config.bin/CA_Title/
13:45:09 Updating base class ->RscPictureKeepAspect, by a3\ui_f\config.bin/CA_Logo/
13:45:09 Updating base class ->CA_Logo, by a3\ui_f\config.bin/CA_Logo_Small/
13:45:09 Updating base class ->RscButton, by a3\ui_f\config.bin/CA_RscButton/
13:45:09 Updating base class ->CA_RscButton, by a3\ui_f\config.bin/CA_RscButton_dialog/
13:45:09 Updating base class ->RscActiveText, by a3\ui_f\config.bin/CA_Ok/
13:45:09 Updating base class ->RscText, by a3\ui_f\config.bin/CA_Ok_image/
13:45:09 Updating base class ->RscText, by a3\ui_f\config.bin/CA_Ok_image2/
13:45:09 Updating base class ->RscText, by a3\ui_f\config.bin/CA_Ok_text/
13:45:09 Updating base class ->RscPicture, by a3\ui_f\config.bin/RscVignette/
13:45:09 Updating base class ->RscControlsGroupNoScrollbars, by a3\ui_f\config.bin/RscMapControlTooltip/
13:45:09 Updating base class RscUnitInfo->RscUnitInfoAirNoWeapon, by a3\ui_f\config.bin/RscInGameUI/RscUnitInfoAir/
13:45:09 Updating base class RscShortcutButton->RscButtonMenu, by a3\ui_f\config.bin/RscDisplayDebug/Controls/B_OK/
13:45:09 Updating base class RscShortcutButton->RscButtonMenu, by a3\ui_f\config.bin/RscDisplayDebug/Controls/B_Cancel/
13:45:09 Updating base class RscShortcutButton->RscButtonMenu, by a3\ui_f\config.bin/RscDisplayDebug/Controls/B_Clear/
13:45:09 Updating base class ->RscText, by a3\ui_f\config.bin/RscDisplayCapture/controls/TimeLines/
13:45:09 Updating base class RscShortcutButton->RscButtonMenu, by a3\ui_f\config.bin/RscDisplayCapture/controls/ButtonAverages/
13:45:09 Updating base class RscShortcutButton->RscButtonMenu, by a3\ui_f\config.bin/RscDisplayCapture/controls/ButtonSavePreviousData/
13:45:09 Updating base class RscShortcutButton->RscButtonMenu, by a3\ui_f\config.bin/RscDisplayCapture/controls/ButtonPreviousData/
13:45:09 Updating base class RscControlsGroup->RscControlsGroupNoHScrollbars, by a3\ui_f\config.bin/RscDisplayMain/controls/ModIcons/
13:45:09 Updating base class RscPicture->RscPictureKeepAspect, by a3\ui_f\config.bin/RscDisplayMain/IconPicture/
13:45:09 Updating base class IconPicture->RscPictureKeepAspect, by a3\ui_f\config.bin/RscDisplayMain/DlcOwnedIconPicture/
13:45:09 Updating base class IconPicture->RscPictureKeepAspect, by a3\ui_f\config.bin/RscDisplayMain/DlcIconPicture/
13:45:09 Updating base class RscListBox->RscCombo, by a3\ui_f\config.bin/RscDisplayCustomizeController/Steepness/
13:45:09 Updating base class ->RscStandardDisplay, by a3\ui_f\config.bin/RscDisplayControlSchemes/
13:45:09 Updating base class ButtonOK->RscButtonMenuCancel, by a3\ui_f\config.bin/RscDisplayControlSchemes/controls/ButtonCancel/
13:45:09 Updating base class RscButton->RscButtonMenuOK, by a3\ui_f\config.bin/RscDisplayControlSchemes/controls/ButtonOK/
13:45:09 Updating base class RscPicture->RscPictureKeepAspect, by a3\ui_f\config.bin/RscDisplayFileSelectImage/controls/OverviewPicture/
13:45:09 Updating base class RscShortcutButton->RscButtonMenuCancel, by a3\ui_f\config.bin/RscDisplayFieldManual/controls/ButtonCancel/
13:45:09 Cannot delete class B_KickOff, it is referenced somewhere (used as a base class probably).
13:45:09 Updating base class RscButton->RscButtonMenuCancel, by a3\ui_f\config.bin/RscDisplayPublishMission/controls/ButtonCancel/
13:45:09 Updating base class RscShortcutButton->RscButtonMenuOK, by a3\ui_f\config.bin/RscDisplayPublishMissionSelectTags/controls/ButtonOK/
13:45:09 Updating base class ButtonOK->RscButtonMenuCancel, by a3\ui_f\config.bin/RscDisplayPublishMissionSelectTags/controls/ButtonCancel/
13:45:09 Updating base class ->RscSubmenu, by a3\ui_f\config.bin/RscMainMenu/
13:45:09 Cannot update non class from class a3\ui_f\config.bin/RscCallSupport/Items/
13:45:09 Cannot update non class from class a3\ui_f\config.bin/RscRadio/Items/
13:45:09 Updating base class RscStandardDisplay->, by a3\ui_f_mp_mark\config.bin/RscDisplayRespawn/
13:45:09 Updating base class ->GrenadeLauncher, by a3\weapons_f\config.bin/cfgWeapons/UGL_F/
13:45:09 Updating base class ->Rifle, by a3\weapons_f\config.bin/cfgWeapons/Rifle_Base_F/
13:45:09 Updating base class ->SlotInfo, by a3\weapons_f_mark\config.bin/UnderBarrelSlot/
13:45:09 Texture header "a3\missions_f_exp_a\data\img\marksmen_scenario02_overview_ca.paa" already in the manager and new header is different! Removing header from the manager.
13:45:09 Texture header "a3\missions_f_exp_a\data\img\marksmen_scenario03_overview_ca.paa" already in the manager and new header is different! Removing header from the manager.
13:45:10 ragdollHitDmgLimit (0.000000) is lower than minimum (0.010000) and it was set to min.
13:45:10 Initializing Steam Manager
13:45:10 Steam Manager initialized.
13:45:10 
13:45:10 ==== Loaded addons ====
13:45:10 
13:45:10 dta\bin.pbo - unknown
13:45:10 dta\core.pbo - 84186
13:45:10 dta\languagecore_f.pbo - 90788
13:45:10 C:\bluefang\servers\server11884\@life_server\addons\life_server.pbo - unknown
13:45:10 C:\bluefang\servers\server11884\@infiSTAR_A3\addons\a3_infistar.pbo - unknown
13:45:10 C:\bluefang\servers\server11884\mark\addons\anims_f_mark.pbo - 87643
13:45:10 C:\bluefang\servers\server11884\mark\addons\characters_f_mark.pbo - 87766
13:45:10 C:\bluefang\servers\server11884\mark\addons\data_f_mark.pbo - 84958
13:45:10 C:\bluefang\servers\server11884\mark\addons\dubbing_f_mark.pbo - 81923
13:45:10 C:\bluefang\servers\server11884\mark\addons\dubbing_f_mp_mark.pbo - 81923
13:45:10 C:\bluefang\servers\server11884\mark\addons\functions_f_mark.pbo - 89836
13:45:10 C:\bluefang\servers\server11884\mark\addons\functions_f_mp_mark.pbo - 89727
13:45:10 C:\bluefang\servers\server11884\mark\addons\languagemissions_f_mark.pbo - 90154
13:45:10 C:\bluefang\servers\server11884\mark\addons\languagemissions_f_mp_mark.pbo - 90154
13:45:10 C:\bluefang\servers\server11884\mark\addons\language_f_mark.pbo - 90137
13:45:10 C:\bluefang\servers\server11884\mark\addons\language_f_mp_mark.pbo - 90137
13:45:10 C:\bluefang\servers\server11884\mark\addons\missions_f_mark.pbo - 86807
13:45:10 C:\bluefang\servers\server11884\mark\addons\missions_f_mark_data.pbo - 88838
13:45:10 C:\bluefang\servers\server11884\mark\addons\missions_f_mark_video.pbo - 81429
13:45:10 C:\bluefang\servers\server11884\mark\addons\missions_f_mp_mark.pbo - 89854
13:45:10 C:\bluefang\servers\server11884\mark\addons\missions_f_mp_mark_data.pbo - 90131
13:45:10 C:\bluefang\servers\server11884\mark\addons\modules_f_mark.pbo - 81710
13:45:10 C:\bluefang\servers\server11884\mark\addons\modules_f_mp_mark.pbo - 90253
13:45:10 C:\bluefang\servers\server11884\mark\addons\music_f_mark.pbo - 81958
13:45:10 C:\bluefang\servers\server11884\mark\addons\music_f_mark_music.pbo - 81930
13:45:10 C:\bluefang\servers\server11884\mark\addons\sounds_f_mark.pbo - 89184
13:45:10 C:\bluefang\servers\server11884\mark\addons\static_f_mark.pbo - 84104
13:45:10 C:\bluefang\servers\server11884\mark\addons\structures_f_mark.pbo - 88393
13:45:10 C:\bluefang\servers\server11884\mark\addons\supplies_f_mark.pbo - 79552
13:45:10 C:\bluefang\servers\server11884\mark\addons\ui_f_mark.pbo - 84397
13:45:10 C:\bluefang\servers\server11884\mark\addons\ui_f_mp_mark.pbo - 89077
13:45:10 C:\bluefang\servers\server11884\mark\addons\weapons_f_mark.pbo - 89288
13:45:10 C:\bluefang\servers\server11884\heli\addons\air_f_heli.pbo - 88401
13:45:10 C:\bluefang\servers\server11884\heli\addons\anims_f_heli.pbo - 80475
13:45:10 C:\bluefang\servers\server11884\heli\addons\boat_f_heli.pbo - 88261
13:45:10 C:\bluefang\servers\server11884\heli\addons\cargoposes_f_heli.pbo - 89489
13:45:10 C:\bluefang\servers\server11884\heli\addons\data_f_heli.pbo - 87643
13:45:10 C:\bluefang\servers\server11884\heli\addons\dubbing_f_heli.pbo - 75138
13:45:10 C:\bluefang\servers\server11884\heli\addons\functions_f_heli.pbo - 87176
13:45:10 C:\bluefang\servers\server11884\heli\addons\languagemissions_f_heli.pbo - 90151
13:45:10 C:\bluefang\servers\server11884\heli\addons\language_f_heli.pbo - 90135
13:45:10 C:\bluefang\servers\server11884\heli\addons\missions_f_heli.pbo - 89582
13:45:10 C:\bluefang\servers\server11884\heli\addons\missions_f_heli_data.pbo - 75977
13:45:10 C:\bluefang\servers\server11884\heli\addons\missions_f_heli_video.pbo - 75065
13:45:10 C:\bluefang\servers\server11884\heli\addons\modules_f_heli.pbo - 87759
13:45:10 C:\bluefang\servers\server11884\heli\addons\music_f_heli.pbo - 87643
13:45:10 C:\bluefang\servers\server11884\heli\addons\music_f_heli_music.pbo - 87643
13:45:10 C:\bluefang\servers\server11884\heli\addons\soft_f_heli.pbo - 82564
13:45:10 C:\bluefang\servers\server11884\heli\addons\sounds_f_heli.pbo - 79398
13:45:10 C:\bluefang\servers\server11884\heli\addons\structures_f_heli.pbo - 88707
13:45:10 C:\bluefang\servers\server11884\heli\addons\supplies_f_heli.pbo - 89173
13:45:10 C:\bluefang\servers\server11884\heli\addons\ui_f_heli.pbo - 76986
13:45:10 C:\bluefang\servers\server11884\kart\addons\anims_f_kart.pbo - 80475
13:45:10 C:\bluefang\servers\server11884\kart\addons\characters_f_kart.pbo - 87805
13:45:10 C:\bluefang\servers\server11884\kart\addons\data_f_kart.pbo - 84958
13:45:10 C:\bluefang\servers\server11884\kart\addons\languagemissions_f_kart.pbo - 90154
13:45:10 C:\bluefang\servers\server11884\kart\addons\language_f_kart.pbo - 90135
13:45:10 C:\bluefang\servers\server11884\kart\addons\missions_f_kart.pbo - 89758
13:45:10 C:\bluefang\servers\server11884\kart\addons\missions_f_kart_data.pbo - 75687
13:45:10 C:\bluefang\servers\server11884\kart\addons\modules_f_kart.pbo - 86933
13:45:10 C:\bluefang\servers\server11884\kart\addons\modules_f_kart_data.pbo - 74588
13:45:10 C:\bluefang\servers\server11884\kart\addons\soft_f_kart.pbo - 88426
13:45:10 C:\bluefang\servers\server11884\kart\addons\sounds_f_kart.pbo - 79398
13:45:10 C:\bluefang\servers\server11884\kart\addons\structures_f_kart.pbo - 88393
13:45:10 C:\bluefang\servers\server11884\kart\addons\ui_f_kart.pbo - 73106
13:45:10 C:\bluefang\servers\server11884\kart\addons\weapons_f_kart.pbo - 83573
13:45:10 C:\bluefang\servers\server11884\curator\addons\data_f_curator.pbo - 84958
13:45:10 C:\bluefang\servers\server11884\curator\addons\functions_f_curator.pbo - 86837
13:45:10 C:\bluefang\servers\server11884\curator\addons\language_f_curator.pbo - 90133
13:45:10 C:\bluefang\servers\server11884\curator\addons\missions_f_curator.pbo - 89107
13:45:10 C:\bluefang\servers\server11884\curator\addons\modules_f_curator.pbo - 90088
13:45:10 C:\bluefang\servers\server11884\curator\addons\ui_f_curator.pbo - 90180
13:45:10 addons\a3.pbo - unknown
13:45:10 addons\air_f.pbo - 88337
13:45:10 addons\air_f_beta.pbo - 88256
13:45:10 addons\air_f_epb.pbo - 86810
13:45:10 addons\air_f_epc.pbo - 89315
13:45:10 addons\air_f_gamma.pbo - 89315
13:45:10 addons\animals_f.pbo - 88948
13:45:10 addons\animals_f_beta.pbo - 88949
13:45:10 addons\anims_f.pbo - 90876
13:45:10 addons\anims_f_bootcamp.pbo - 88948
13:45:10 addons\anims_f_data.pbo - 90994
13:45:10 addons\anims_f_epa.pbo - 89360
13:45:10 addons\anims_f_epc.pbo - 79126
13:45:10 addons\anims_f_exp_a.pbo - 89148
13:45:10 addons\armor_f.pbo - 82564
13:45:10 addons\armor_f_beta.pbo - 86856
13:45:10 addons\armor_f_epb.pbo - 86110
13:45:10 addons\armor_f_epc.pbo - 86840
13:45:10 addons\armor_f_gamma.pbo - 86121
13:45:10 addons\baseconfig_f.pbo - 73106
13:45:10 addons\boat_f.pbo - 88259
13:45:10 addons\boat_f_beta.pbo - 88261
13:45:10 addons\boat_f_epc.pbo - 89049
13:45:10 addons\boat_f_gamma.pbo - 88260
13:45:10 addons\cargoposes_f.pbo - 89336
13:45:10 addons\characters_f.pbo - 90080
13:45:10 addons\characters_f_beta.pbo - 87767
13:45:10 addons\characters_f_bootcamp.pbo - 87769
13:45:10 addons\characters_f_epa.pbo - 87767
13:45:10 addons\characters_f_epb.pbo - 87767
13:45:10 addons\characters_f_epc.pbo - 87767
13:45:10 addons\characters_f_gamma.pbo - 87766
13:45:10 addons\data_f.pbo - 91002
13:45:10 addons\data_f_bootcamp.pbo - 88074
13:45:10 addons\data_f_exp_a.pbo - 89062
13:45:10 addons\data_f_exp_b.pbo - 86189
13:45:10 addons\drones_f.pbo - 88544
13:45:10 addons\dubbing_f.pbo - 73106
13:45:10 addons\dubbing_f_beta.pbo - 73106
13:45:10 addons\dubbing_f_bootcamp.pbo - 87093
13:45:10 addons\dubbing_f_epa.pbo - 73106
13:45:10 addons\dubbing_f_epb.pbo - 76110
13:45:10 addons\dubbing_f_epc.pbo - 87001
13:45:10 addons\dubbing_f_gamma.pbo - 73106
13:45:10 addons\dubbing_radio_f.pbo - 89312
13:45:10 addons\dubbing_radio_f_data_eng.pbo - 89121
13:45:10 addons\dubbing_radio_f_data_engb.pbo - 89130
13:45:10 addons\dubbing_radio_f_data_gre.pbo - 89130
13:45:10 addons\dubbing_radio_f_data_per.pbo - 89130
13:45:10 addons\dubbing_radio_f_data_vr.pbo - 89130
13:45:10 addons\editor_f.pbo - 82563
13:45:10 addons\functions_f.pbo - 90854
13:45:10 addons\functions_f_bootcamp.pbo - 90131
13:45:10 addons\functions_f_epa.pbo - 84402
13:45:10 addons\functions_f_epc.pbo - 84400
13:45:10 addons\functions_f_exp_a.pbo - 90131
13:45:10 addons\languagemissions_f.pbo - 90138
13:45:10 addons\languagemissions_f_beta.pbo - 90138
13:45:10 addons\languagemissions_f_bootcamp.pbo - 90138
13:45:10 addons\languagemissions_f_epa.pbo - 90138
13:45:10 addons\languagemissions_f_epb.pbo - 90139
13:45:10 addons\languagemissions_f_epc.pbo - 90143
13:45:10 addons\languagemissions_f_exp_a.pbo - 90145
13:45:10 addons\languagemissions_f_gamma.pbo - 90148
13:45:10 addons\language_f.pbo - 90131
13:45:10 addons\language_f_beta.pbo - 90133
13:45:10 addons\language_f_bootcamp.pbo - 90133
13:45:10 addons\language_f_epa.pbo - 90133
13:45:10 addons\language_f_epb.pbo - 90134
13:45:10 addons\language_f_epc.pbo - 90135
13:45:10 addons\language_f_exp_a.pbo - 90135
13:45:10 addons\language_f_gamma.pbo - 90135
13:45:10 addons\map_altis.pbo - 90788
13:45:10 addons\map_altis_data.pbo - 89494
13:45:10 addons\map_altis_data_layers.pbo - 88773
13:45:10 addons\map_altis_data_layers_00_00.pbo - 88773
13:45:10 addons\map_altis_data_layers_00_01.pbo - 88773
13:45:10 addons\map_altis_data_layers_01_00.pbo - 88773
13:45:10 addons\map_altis_data_layers_01_01.pbo - 88773
13:45:10 addons\map_altis_scenes_f.pbo - 73106
13:45:10 addons\map_data.pbo - 89207
13:45:10 addons\map_stratis.pbo - 89277
13:45:10 addons\map_stratis_data.pbo - 89242
13:45:10 addons\map_stratis_data_layers.pbo - 89343
13:45:10 addons\map_stratis_scenes_f.pbo - 73106
13:45:10 addons\map_vr.pbo - 90059
13:45:10 addons\map_vr_scenes_f.pbo - 82252
13:45:10 addons\misc_f.pbo - 85025
13:45:10 addons\missions_f.pbo - 89118
13:45:10 addons\missions_f_beta.pbo - 90059
13:45:10 addons\missions_f_beta_data.pbo - 85005
13:45:10 addons\missions_f_beta_video.pbo - 73106
13:45:10 addons\missions_f_bootcamp.pbo - 89836
13:45:10 addons\missions_f_bootcamp_data.pbo - 72362
13:45:10 addons\missions_f_bootcamp_video.pbo - 75065
13:45:10 addons\missions_f_data.pbo - 73106
13:45:10 addons\missions_f_epa.pbo - 90317
13:45:10 addons\missions_f_epa_data.pbo - 73106
13:45:10 addons\missions_f_epa_video.pbo - 73106
13:45:10 addons\missions_f_epb.pbo - 89713
13:45:10 addons\missions_f_epb_data.pbo - 73106
13:45:10 addons\missions_f_epb_video.pbo - 73106
13:45:10 addons\missions_f_epc.pbo - 89644
13:45:10 addons\missions_f_epc_data.pbo - 84724
13:45:10 addons\missions_f_epc_video.pbo - 84725
13:45:10 addons\missions_f_exp_a.pbo - 89975
13:45:10 addons\missions_f_exp_a_data.pbo - 90131
13:45:10 addons\missions_f_gamma.pbo - 87683
13:45:10 addons\missions_f_gamma_data.pbo - 86243
13:45:10 addons\missions_f_gamma_video.pbo - 73106
13:45:10 addons\missions_f_video.pbo - 73106
13:45:10 addons\modules_f.pbo - 88899
13:45:10 addons\modules_f_beta.pbo - 86933
13:45:10 addons\modules_f_beta_data.pbo - 80976
13:45:10 addons\modules_f_bootcamp.pbo - 89147
13:45:10 addons\modules_f_data.pbo - 85167
13:45:10 addons\modules_f_epb.pbo - 87643
13:45:10 addons\modules_f_exp_a.pbo - 88829
13:45:10 addons\music_f.pbo - 73106
13:45:10 addons\music_f_bootcamp.pbo - 73106
13:45:10 addons\music_f_bootcamp_music.pbo - 73106
13:45:10 addons\music_f_epa.pbo - 73106
13:45:10 addons\music_f_epa_music.pbo - 73106
13:45:10 addons\music_f_epb.pbo - 73106
13:45:10 addons\music_f_epb_music.pbo - 73106
13:45:10 addons\music_f_epc.pbo - 87643
13:45:10 addons\music_f_epc_music.pbo - 73106
13:45:10 addons\music_f_music.pbo - 73106
13:45:10 addons\plants_f.pbo - 88907
13:45:10 addons\props_f_exp_a.pbo - 88816
13:45:10 addons\roads_f.pbo - 88389
13:45:10 addons\rocks_f.pbo - 88391
13:45:10 addons\signs_f.pbo - 88240
13:45:10 addons\soft_f.pbo - 88735
13:45:10 addons\soft_f_beta.pbo - 89976
13:45:10 addons\soft_f_bootcamp.pbo - 85752
13:45:10 addons\soft_f_epc.pbo - 88812
13:45:10 addons\soft_f_gamma.pbo - 89836
13:45:10 addons\sounds_f.pbo - 89836
13:45:10 addons\sounds_f_arsenal.pbo - 90180
13:45:10 addons\sounds_f_bootcamp.pbo - 82576
13:45:10 addons\sounds_f_characters.pbo - 90106
13:45:10 addons\sounds_f_environment.pbo - 88851
13:45:10 addons\sounds_f_epb.pbo - 88761
13:45:10 addons\sounds_f_epc.pbo - 86933
13:45:10 addons\sounds_f_exp_a.pbo - 88829
13:45:10 addons\sounds_f_sfx.pbo - 88881
13:45:10 addons\sounds_f_vehicles.pbo - 89294
13:45:10 addons\sounds_f_weapons.pbo - 84865
13:45:10 addons\static_f.pbo - 85125
13:45:10 addons\static_f_beta.pbo - 79398
13:45:10 addons\static_f_gamma.pbo - 82090
13:45:10 addons\structures_f.pbo - 89516
13:45:10 addons\structures_f_bootcamp.pbo - 88393
13:45:10 addons\structures_f_data.pbo - 88393
13:45:10 addons\structures_f_epa.pbo - 88393
13:45:10 addons\structures_f_epb.pbo - 88761
13:45:10 addons\structures_f_epc.pbo - 88393
13:45:10 addons\structures_f_exp_a.pbo - 88816
13:45:10 addons\structures_f_households.pbo - 88393
13:45:10 addons\structures_f_ind.pbo - 88393
13:45:10 addons\structures_f_mil.pbo - 89836
13:45:10 addons\structures_f_wrecks.pbo - 88393
13:45:10 addons\uifonts_f.pbo - 87643
13:45:10 addons\uifonts_f_data.pbo - 73106
13:45:10 addons\ui_f.pbo - 90200
13:45:10 addons\ui_f_bootcamp.pbo - 76325
13:45:10 addons\ui_f_data.pbo - 90198
13:45:10 addons\ui_f_exp_a.pbo - 89891
13:45:10 addons\weapons_f.pbo - 90180
13:45:10 addons\weapons_f_beta.pbo - 88797
13:45:10 addons\weapons_f_bootcamp.pbo - 86841
13:45:10 addons\weapons_f_epa.pbo - 83667
13:45:10 addons\weapons_f_epb.pbo - 80958
13:45:10 addons\weapons_f_epc.pbo - 80374
13:45:10 addons\weapons_f_gamma.pbo - 89424
13:45:10 
13:45:10 =======================
13:45:10 
13:45:10 ============================================================================================= List of mods ===============================================================================================
13:45:10 modsReadOnly = true
13:45:10 safeModsActivated = false
13:45:10 customMods = true
13:45:10 hash = '89C6322B5B4680D0A358C008E233F080885A60F0'
13:45:10 hashShort = 'c042dda7'
13:45:10                                               name |               modDir |    default |               origin |                                     hash | hashShort | fullPath
13:45:10 ----------------------------------------------------------------------------------------------------------------------------------------------------------------------------------------------------------
13:45:10                                       @life_server |         @life_server |      false |             GAME DIR | 93b18ce557d4f1acb2c7a4eaba4d8fc5ad75e3a9 |  67967cbc | C:\bluefang\servers\server11884\@life_server
13:45:10                                       @infiSTAR_A3 |         @infiSTAR_A3 |      false |             GAME DIR | 19983a7c0fcca7eca088fa050023f91967f28f39 |  f70faaaf | C:\bluefang\servers\server11884\@infiSTAR_A3
13:45:10                                            @extDB2 |              @extDB2 |      false |             GAME DIR |                                          |           | C:\bluefang\servers\server11884\@extDB2
13:45:10                                  Arma 3 DLC Bundle |            dlcbundle |       true |            NOT FOUND |                                          |           | 
13:45:10                                    Arma 3 Marksmen |                 mark |       true |             GAME DIR | bca3f585133621c38245a861ea0e695aa5f1d151 |  98bd0c48 | C:\bluefang\servers\server11884\mark
13:45:10                                 Arma 3 Helicopters |                 heli |       true |             GAME DIR | 41e93958bcee08e6e6275a458a506af9d0d25ab6 |   6558b1b | C:\bluefang\servers\server11884\heli
13:45:10                                       Arma 3 Karts |                 kart |       true |             GAME DIR | 4ec5b8ee3e065dc60dc98d30e948796fc01e89df |  120b6924 | C:\bluefang\servers\server11884\kart
13:45:10                                        Arma 3 Zeus |              curator |       true |             GAME DIR | 8f6f1df09c4707fa080e397861ca67fb1a7d1f09 |  fef5ffff | C:\bluefang\servers\server11884\curator
13:45:10                                             Arma 3 |                   A3 |       true |            NOT FOUND |                                          |           | 
13:45:10 ==========================================================================================================================================================================================================
13:45:10 InitSound ...
13:45:10 InitSound - complete
13:45:10 PhysX3 SDK Init started ...
13:45:10 PhysX3 SDK Init ended.
13:45:10 Attempt to override final function - rscminimap_script
13:45:10 Attempt to override final function - rscdisplayloading_script
13:45:10 Attempt to override final function - rscdisplayloading_script
13:45:10 Attempt to override final function - rscdisplayloading_script
13:45:10 Attempt to override final function - rscdiary_script
13:45:10 Attempt to override final function - rscdisplaysinglemission_script
13:45:10 Attempt to override final function - rscdiary_script
13:45:10 Attempt to override final function - rscdisplayremotemissions_script
13:45:10 Attempt to override final function - rscdisplayloading_script
13:45:10 Attempt to override final function - rscdiary_script
13:45:10 Attempt to override final function - rscdiary_script
13:45:10 Attempt to override final function - rscdisplaystrategicmap_script
13:45:10 Attempt to override final function - rscdisplaycommon_script
13:45:10 Attempt to override final function - rscdisplaygarage_script
13:45:11 Attempt to override final function - rscdisplayloading_script
13:45:11 Attempt to override final function - rscdisplaycurator_script
13:45:11 Attempt to override final function - rscdisplayattributes_script
13:45:11 Attempt to override final function - rscdisplayattributes_script
13:45:11 Attempt to override final function - rscdisplayattributes_script
13:45:11 Attempt to override final function - rscdisplaycommon_script
13:45:11 Attempt to override final function - rscdisplaydebriefing_script
13:45:11 Attempt to override final function - rscunitinfo_script
13:45:11 Attempt to override final function - rscunitinfo_script
13:45:11 Attempt to override final function - rscunitinfo_script
13:45:11 Attempt to override final function - rscunitinfo_script
13:45:11 Attempt to override final function - rscunitinfo_script
13:45:11 Attempt to override final function - rscunitinfo_script
13:45:11 Attempt to override final function - rscunitinfo_script
13:45:11 Attempt to override final function - rscunitinfo_script
13:45:11 Attempt to override final function - rscunitinfo_script
13:45:11 Attempt to override final function - rscunitinfo_script
13:45:11 Attempt to override final function - rscunitinfo_script
13:45:11 Attempt to override final function - rscunitinfo_script
13:45:11 Attempt to override final function - rscunitinfo_script
13:45:11 Attempt to override final function - rscunitinfo_script
13:45:11 Attempt to override final function - rscunitinfo_script
13:45:11 Attempt to override final function - rscunitinfo_script
13:45:11 Attempt to override final function - rscunitinfo_script
13:45:11 Attempt to override final function - rscunitinfo_script
13:45:11 Attempt to override final function - rscunitinfo_script
13:45:11 Attempt to override final function - rscunitinfo_script
13:45:11 Attempt to override final function - rscunitinfo_script
13:45:11 Attempt to override final function - rscunitinfo_script
13:45:11 Attempt to override final function - rscunitinfo_script
13:45:11 Attempt to override final function - rscunitinfo_script
13:45:11 Attempt to override final function - rscunitinfo_script
13:45:11 Attempt to override final function - rscunitinfo_script
13:45:11 Attempt to override final function - rscunitinfo_script
13:45:11 Attempt to override final function - rscunitinfo_script
13:45:11 Attempt to override final function - rscunitinfo_script
13:45:11 Attempt to override final function - rscunitinfo_script
13:45:11 Attempt to override final function - rscunitinfo_script
13:45:11 Attempt to override final function - rscunitinfo_script
13:45:11 Attempt to override final function - rscunitinfo_script
13:45:11 Attempt to override final function - rscunitinfo_script
13:45:11 Attempt to override final function - rscunitinfo_script
13:45:11 Attempt to override final function - rscunitinfo_script
13:45:11 Attempt to override final function - rscunitinfo_script
13:45:11 Attempt to override final function - rscunitinfo_script
13:45:11 Attempt to override final function - rscunitinfo_script
13:45:11 Attempt to override final function - rscunitinfo_script
13:45:11 Attempt to override final function - rscunitinfo_script
13:45:11 Attempt to override final function - rscunitinfo_script
13:45:11 Attempt to override final function - rscunitinfo_script
13:45:11 Attempt to override final function - rscunitinfo_script
13:45:11 Attempt to override final function - rscunitinfo_script
13:45:11 Attempt to override final function - rscunitinfo_script
13:45:11 Attempt to override final function - rscunitinfo_script
13:45:11 Attempt to override final function - rscunitinfo_script
13:45:11 Attempt to override final function - rscunitinfo_script
13:45:11 Attempt to override final function - rscunitinfo_script
13:45:11 Attempt to override final function - rscunitinfo_script
13:45:11 Attempt to override final function - rscunitinfo_script
13:45:11 Attempt to override final function - rscunitinfo_script
13:45:11 Attempt to override final function - rscunitinfo_script
13:45:11 Attempt to override final function - rscunitinfo_script
13:45:11 Attempt to override final function - rscunitinfo_script
13:45:11 Attempt to override final function - rscunitinfo_script
13:45:11 Attempt to override final function - rscunitinfo_script
13:45:12 Initializing Steam server - Game Port: 21234, Steam Query Port: 21235
13:45:12 Connected to Steam servers
13:45:39 Unsupported language English in stringtable
13:45:39 Unsupported language English in stringtable
13:45:39 Warning Message: File mpmissions\__cur_mp.Altis\dialog\common.hpp, line 170: .Life_RscButtonInvisible: Undefined base class 'Life_RscButtonMenu'
13:45:39 Warning Message: Config : some input after EndOfFile.
13:45:41 Server error: Player without identity mt719 (id 333312819)
13:45:41 Server error: Player without identity mt719 (id 333312819)
13:45:41 Server error: Player without identity mt719 (id 333312819)
13:45:41 Server error: Player without identity mt719 (id 333312819)
13:45:41 Server error: Player without identity mt719 (id 333312819)
13:45:41 Server error: Player without identity mt719 (id 333312819)
13:45:41 Server error: Player without identity mt719 (id 333312819)
13:45:41 Server error: Player without identity mt719 (id 333312819)
13:45:41 Server error: Player without identity mt719 (id 333312819)
13:45:41 Server error: Player without identity mt719 (id 333312819)
13:45:41 Server error: Player without identity mt719 (id 333312819)
13:45:41 Server error: Player without identity mt719 (id 333312819)
13:45:41 Server error: Player without identity mt719 (id 333312819)
13:45:41 Server error: Player without identity mt719 (id 333312819)
13:45:41 Server error: Player without identity mt719 (id 333312819)
13:46:02 Starting mission:
13:46:02  Mission file: Altis_Life (__cur_mp)
13:46:02  Mission world: Altis
13:46:02  Mission directory: mpmissions\__cur_mp.Altis\
13:46:28 NetServer::finishDestroyPlayer(359117307): DESTROY immediately after CREATE, both cancelled
13:46:50 NetServer::finishDestroyPlayer(2047798877): DESTROY immediately after CREATE, both cancelled
13:47:00 NetServer::finishDestroyPlayer(541718977): DESTROY immediately after CREATE, both cancelled
13:47:01 NetServer::finishDestroyPlayer(387534048): DESTROY immediately after CREATE, both cancelled
13:47:02 NetServer::finishDestroyPlayer(2059820338): DESTROY immediately after CREATE, both cancelled
13:47:06 NetServer::finishDestroyPlayer(216438705): DESTROY immediately after CREATE, both cancelled
